Not Found: /media/category/home_and_living.jpg
Not Found: /media/category/fashion.jpg
Not Found: /media/category/1_34.jpg
Not Found: /media/category/electronics_Z21KR7M.jpg
Not Found: /media/category/beauty.jpg
Not Found: /media/category/beauty.jpg
Not Found: /media/category/fashion.jpg
Not Found: /media/category/electronics_Z21KR7M.jpg
Not Found: /media/category/1_34.jpg
Not Found: /media/category/home_and_living.jpg
Not Found: /media/category/1_34.jpg
Not Found: /media/category/electronics_Z21KR7M.jpg
Not Found: /media/category/beauty.jpg
Not Found: /media/category/fashion.jpg
Not Found: /media/category/home_and_living.jpg
Not Found: /media/category/fashion.jpg
Not Found: /media/category/1_34.jpg
Not Found: /media/category/electronics_Z21KR7M.jpg
Not Found: /media/category/beauty.jpg
Not Found: /media/category/home_and_living.jpg
Not Found: /media/category/electronics_Z21KR7M.jpg
Not Found: /media/category/home_and_living.jpg
Not Found: /media/category/1_34.jpg
Not Found: /media/category/fashion.jpg
Not Found: /media/category/beauty.jpg
Not Found: /media/category/electronics_Z21KR7M.jpg
Not Found: /media/category/home_and_living.jpg
Not Found: /media/category/beauty.jpg
Not Found: /media/category/1_34.jpg
Not Found: /media/category/fashion.jpg
Not Found: /favicon.ico
Not Found: /media/category/electronics_Z21KR7M.jpg
Not Found: /media/category/fashion.jpg
Not Found: /media/category/home_and_living.jpg
Not Found: /media/category/beauty.jpg
Not Found: /media/category/1_34.jpg
Not Found: /favicon.ico
Not Found: /media/category/beauty.jpg
Not Found: /media/category/1_34.jpg
Not Found: /media/category/fashion.jpg
Not Found: /media/category/home_and_living.jpg
Not Found: /media/category/electronics_Z21KR7M.jpg
Not Found: /favicon.ico
Not Found: /category/assets/imgs/theme/icons/category-1.svg
Not Found: /media/category/1_34.jpg
Not Found: /media/category/fashion.jpg
Not Found: /media/category/beauty.jpg
Not Found: /media/category/home_and_living.jpg
Not Found: /media/category/electronics_Z21KR7M.jpg
Not Found: /media/category/1_34.jpg
Not Found: /media/category/fashion.jpg
Not Found: /media/category/home_and_living.jpg
Not Found: /media/category/electronics_Z21KR7M.jpg
Not Found: /media/category/beauty.jpg
Not Found: /media/category/fashion.jpg
Not Found: /media/category/home_and_living.jpg
Not Found: /media/category/1_34.jpg
Not Found: /media/category/electronics_Z21KR7M.jpg
Not Found: /media/category/beauty.jpg
Not Found: /favicon.ico
Not Found: /media/category/beauty.jpg
Not Found: /media/category/home_and_living.jpg
Not Found: /media/user_1/LNRS_Provider-Circle_png_dDPOUk5.png
Not Found: /media/category/fashion.jpg
Not Found: /media/category/electronics_Z21KR7M.jpg
Not Found: /media/category/1_34.jpg
Not Found: /media/user_1/LNRS_Provider-Circle_png_dDPOUk5.png
Not Found: /media/category/1_34.jpg
Not Found: /media/category/beauty.jpg
Not Found: /media/category/fashion.jpg
Not Found: /media/category/electronics_Z21KR7M.jpg
Not Found: /media/category/home_and_living.jpg
Not Found: /media/category/electronics_Z21KR7M.jpg
Not Found: /media/category/beauty.jpg
Not Found: /media/category/1_34.jpg
Not Found: /media/category/fashion.jpg
Not Found: /media/category/home_and_living.jpg
Not Found: /media/category/home_and_living.jpg
Not Found: /media/category/1_34.jpg
Not Found: /media/category/beauty.jpg
Not Found: /media/category/electronics_Z21KR7M.jpg
Not Found: /media/category/fashion.jpg
Not Found: /media/category/1_34.jpg
Not Found: /media/category/fashion.jpg
Not Found: /media/category/electronics_Z21KR7M.jpg
Not Found: /media/category/beauty.jpg
Not Found: /media/category/home_and_living.jpg
Not Found: /media/category/home_and_living.jpg
Not Found: /media/category/beauty.jpg
Not Found: /media/category/fashion.jpg
Not Found: /media/category/electronics_Z21KR7M.jpg
Not Found: /media/category/1_34.jpg
Not Found: /media/category/beauty.jpg
Not Found: /media/category/home_and_living.jpg
Not Found: /media/category/electronics_Z21KR7M.jpg
Not Found: /media/category/1_34.jpg
Not Found: /media/category/fashion.jpg
Not Found: /media/category/home_and_living.jpg
Not Found: /media/category/fashion.jpg
Not Found: /media/category/beauty.jpg
Not Found: /media/category/1_34.jpg
Not Found: /media/category/electronics_Z21KR7M.jpg
Not Found: /media/category/beauty.jpg
Not Found: /media/category/electronics_Z21KR7M.jpg
Not Found: /media/category/home_and_living.jpg
Not Found: /media/category/1_34.jpg
Not Found: /media/category/fashion.jpg
Not Found: /media/category/fashion.jpg
Not Found: /media/category/electronics_Z21KR7M.jpg
Not Found: /media/category/home_and_living.jpg
Not Found: /media/category/beauty.jpg
Not Found: /media/category/1_34.jpg
Not Found: /media/category/fashion.jpg
Not Found: /media/category/1_34.jpg
Not Found: /media/category/beauty.jpg
Not Found: /media/category/home_and_living.jpg
Not Found: /media/category/electronics_Z21KR7M.jpg
Not Found: /media/category/home_and_living.jpg
Not Found: /media/category/fashion.jpg
Not Found: /media/category/electronics_Z21KR7M.jpg
Not Found: /media/category/beauty.jpg
Not Found: /media/category/1_34.jpg
Not Found: /media/user_1/1_29.jpg
Importing AvifImagePlugin
Importing BlpImagePlugin
Importing BmpImagePlugin
Importing BufrStubImagePlugin
Importing CurImagePlugin
Importing DcxImagePlugin
Importing DdsImagePlugin
Importing EpsImagePlugin
Importing FitsImagePlugin
Importing FliImagePlugin
Importing FpxImagePlugin
Image: failed to import FpxImagePlugin: No module named 'olefile'
Importing FtexImagePlugin
Importing GbrImagePlugin
Importing GifImagePlugin
Importing GribStubImagePlugin
Importing Hdf5StubImagePlugin
Importing IcnsImagePlugin
Importing IcoImagePlugin
Importing ImImagePlugin
Importing ImtImagePlugin
Importing IptcImagePlugin
Importing JpegImagePlugin
Importing Jpeg2KImagePlugin
Importing McIdasImagePlugin
Importing MicImagePlugin
Image: failed to import MicImagePlugin: No module named 'olefile'
Importing MpegImagePlugin
Importing MpoImagePlugin
Importing MspImagePlugin
Importing PalmImagePlugin
Importing PcdImagePlugin
Importing PcxImagePlugin
Importing PdfImagePlugin
Importing PixarImagePlugin
Importing PngImagePlugin
Importing PpmImagePlugin
Importing PsdImagePlugin
Importing QoiImagePlugin
Importing SgiImagePlugin
Importing SpiderImagePlugin
Importing SunImagePlugin
Importing TgaImagePlugin
Importing TiffImagePlugin
Importing WebPImagePlugin
Importing WmfImagePlugin
Importing XbmImagePlugin
Importing XpmImagePlugin
Importing XVThumbImagePlugin
Not Found: /media/user_1/1_29.jpg
Not Found: /media/user_1/1_29.jpg
Not Found: /media/category/fashion.jpg
Not Found: /media/category/home_and_living.jpg
Not Found: /media/category/beauty.jpg
Not Found: /media/category/1_34.jpg
Not Found: /media/category/electronics_Z21KR7M.jpg
Not Found: /media/category/home_and_living.jpg
Not Found: /media/category/1_34.jpg
Not Found: /media/category/beauty.jpg
Not Found: /media/category/fashion.jpg
Not Found: /media/category/electronics_Z21KR7M.jpg
Not Found: /media/category/home_and_living.jpg
Not Found: /media/user_1/1_29.jpg
Not Found: /media/user_1/1_29.jpg
Not Found: /media/category/1_34.jpg
Not Found: /media/category/beauty.jpg
Not Found: /media/category/home_and_living.jpg
Not Found: /media/category/electronics_Z21KR7M.jpg
Not Found: /media/category/fashion.jpg
Not Found: /media/category/electronics_Z21KR7M.jpg
Not Found: /media/category/fashion.jpg
Not Found: /media/category/home_and_living.jpg
Not Found: /media/category/beauty.jpg
Not Found: /media/category/1_34.jpg
Not Found: /media/user_1/1_29.jpg
Not Found: /media/user_1/1_29.jpg
Not Found: /media/category/1_34.jpg
Not Found: /media/category/beauty.jpg
Not Found: /media/category/home_and_living.jpg
Not Found: /media/category/fashion.jpg
Not Found: /media/category/electronics_Z21KR7M.jpg
Not Found: /media/category/beauty.jpg
Not Found: /media/category/fashion.jpg
Not Found: /media/category/home_and_living.jpg
Not Found: /media/category/electronics_Z21KR7M.jpg
Not Found: /media/category/1_34.jpg
Not Found: /media/user_1/1_29.jpg
Not Found: /media/user_1/1_29.jpg
Not Found: /media/category/electronics_Z21KR7M.jpg
Not Found: /media/category/fashion.jpg
Not Found: /media/category/home_and_living.jpg
Not Found: /media/category/1_34.jpg
Not Found: /media/category/beauty.jpg
Not Found: /media/category/electronics_Z21KR7M.jpg
Not Found: /media/category/home_and_living.jpg
Not Found: /media/category/beauty.jpg
Not Found: /media/category/fashion.jpg
Not Found: /media/category/1_34.jpg
Not Found: /media/category/beauty.jpg
Not Found: /media/category/fashion.jpg
Not Found: /media/category/electronics_Z21KR7M.jpg
Not Found: /media/category/home_and_living.jpg
Not Found: /media/category/1_34.jpg
Not Found: /media/category/home_and_living.jpg
Not Found: /media/category/fashion.jpg
Not Found: /media/category/electronics_Z21KR7M.jpg
Not Found: /media/category/1_34.jpg
Not Found: /media/category/beauty.jpg
Not Found: /null
Not Found: /null
Not Found: /null
Not Found: /media/category/electronics_Z21KR7M.jpg
Not Found: /media/category/home_and_living.jpg
Not Found: /media/category/fashion.jpg
Not Found: /media/category/1_34.jpg
Not Found: /media/category/beauty.jpg
Not Found: /media/category/home_and_living.jpg
Not Found: /media/category/beauty.jpg
Not Found: /media/category/fashion.jpg
Not Found: /media/category/electronics_Z21KR7M.jpg
Not Found: /media/category/1_34.jpg
Not Found: /media/user_1/1_29.jpg
Not Found: /media/user_1/1_29.jpg
Not Found: /media/category/1_34.jpg
Not Found: /media/category/electronics_Z21KR7M.jpg
Not Found: /media/category/fashion.jpg
Not Found: /media/category/beauty.jpg
Not Found: /media/category/home_and_living.jpg
Not Found: /media/category/home_and_living.jpg
Not Found: /media/category/fashion.jpg
Not Found: /media/category/electronics_Z21KR7M.jpg
Not Found: /media/category/beauty.jpg
Not Found: /media/category/1_34.jpg
Not Found: /media/category/electronics_Z21KR7M.jpg
Not Found: /media/category/1_34.jpg
Not Found: /media/category/beauty.jpg
Not Found: /media/category/fashion.jpg
Not Found: /media/category/home_and_living.jpg
Not Found: /media/category/electronics_Z21KR7M.jpg
Not Found: /null
Not Found: /media/category/beauty.jpg
Not Found: /media/category/1_34.jpg
Not Found: /media/category/electronics_Z21KR7M.jpg
Not Found: /media/category/fashion.jpg
Not Found: /media/category/home_and_living.jpg
Not Found: /media/category/fashion.jpg
Not Found: /media/category/home_and_living.jpg
Not Found: /media/category/1_34.jpg
Not Found: /media/category/electronics_Z21KR7M.jpg
Not Found: /media/category/beauty.jpg
Not Found: /media/category/fashion.jpg
Not Found: /media/category/home_and_living.jpg
Not Found: /media/category/1_34.jpg
Not Found: /media/category/electronics_Z21KR7M.jpg
Not Found: /media/category/beauty.jpg
Not Found: /media/category/fashion.jpg
Not Found: /media/category/beauty.jpg
Not Found: /media/category/electronics_Z21KR7M.jpg
Not Found: /media/category/home_and_living.jpg
Not Found: /media/category/1_34.jpg
Not Found: /media/category/1_34.jpg
Not Found: /media/category/electronics_Z21KR7M.jpg
Not Found: /media/category/home_and_living.jpg
Not Found: /media/category/beauty.jpg
Not Found: /media/category/fashion.jpg
Not Found: /media/category/fashion.jpg
Not Found: /media/category/electronics_Z21KR7M.jpg
Not Found: /media/category/home_and_living.jpg
Not Found: /media/category/beauty.jpg
Not Found: /media/category/1_34.jpg
Not Found: /media/category/home_and_living.jpg
Not Found: /media/category/beauty.jpg
Not Found: /media/category/fashion.jpg
Not Found: /media/category/1_34.jpg
Not Found: /media/category/electronics_Z21KR7M.jpg
Not Found: /media/category/home_and_living.jpg
Not Found: /media/category/fashion.jpg
Not Found: /media/category/electronics_Z21KR7M.jpg
Not Found: /media/category/1_34.jpg
Not Found: /media/category/beauty.jpg
Not Found: /media/category/electronics_Z21KR7M.jpg
Not Found: /media/category/fashion.jpg
Not Found: /media/category/1_34.jpg
Not Found: /media/category/beauty.jpg
Not Found: /media/category/home_and_living.jpg
Not Found: /media/category/fashion.jpg
Not Found: /media/category/beauty.jpg
Not Found: /media/category/home_and_living.jpg
Not Found: /media/category/electronics_Z21KR7M.jpg
Not Found: /media/category/1_34.jpg
Internal Server Error: /
Traceback (most recent call last):
  File "D:\ecommerce\env\Lib\site-packages\django\template\base.py", line 510, in parse
    compile_func = self.tags[command]
                   ~~~~~~~~~^^^^^^^^^
KeyError: 'endfor'

During handling of the above exception, another exception occurred:

Traceback (most recent call last):
  File "D:\ecommerce\env\Lib\site-packages\django\core\handlers\exception.py", line 55, in inner
    response = get_response(request)
               ^^^^^^^^^^^^^^^^^^^^^
  File "D:\ecommerce\env\Lib\site-packages\django\core\handlers\base.py", line 197, in _get_response
    response = wrapped_callback(request, *callback_args, **callback_kwargs)
               ^^^^^^^^^^^^^^^^^^^^^^^^^^^^^^^^^^^^^^^^^^^^^^^^^^^^^^^^^^^^
  File "D:\ecommerce\ecomm\core\views.py", line 104, in index
    return render(request, 'core/index.html', context)
           ^^^^^^^^^^^^^^^^^^^^^^^^^^^^^^^^^^^^^^^^^^^
  File "D:\ecommerce\env\Lib\site-packages\django\shortcuts.py", line 25, in render
    content = loader.render_to_string(template_name, context, request, using=using)
              ^^^^^^^^^^^^^^^^^^^^^^^^^^^^^^^^^^^^^^^^^^^^^^^^^^^^^^^^^^^^^^^^^^^^^
  File "D:\ecommerce\env\Lib\site-packages\django\template\loader.py", line 61, in render_to_string
    template = get_template(template_name, using=using)
               ^^^^^^^^^^^^^^^^^^^^^^^^^^^^^^^^^^^^^^^^
  File "D:\ecommerce\env\Lib\site-packages\django\template\loader.py", line 15, in get_template
    return engine.get_template(template_name)
           ^^^^^^^^^^^^^^^^^^^^^^^^^^^^^^^^^^
  File "D:\ecommerce\env\Lib\site-packages\django\template\backends\django.py", line 79, in get_template
    return Template(self.engine.get_template(template_name), self)
                    ^^^^^^^^^^^^^^^^^^^^^^^^^^^^^^^^^^^^^^^
  File "D:\ecommerce\env\Lib\site-packages\django\template\engine.py", line 177, in get_template
    template, origin = self.find_template(template_name)
                       ^^^^^^^^^^^^^^^^^^^^^^^^^^^^^^^^^
  File "D:\ecommerce\env\Lib\site-packages\django\template\engine.py", line 159, in find_template
    template = loader.get_template(name, skip=skip)
               ^^^^^^^^^^^^^^^^^^^^^^^^^^^^^^^^^^^^
  File "D:\ecommerce\env\Lib\site-packages\django\template\loaders\cached.py", line 57, in get_template
    template = super().get_template(template_name, skip)
               ^^^^^^^^^^^^^^^^^^^^^^^^^^^^^^^^^^^^^^^^^
  File "D:\ecommerce\env\Lib\site-packages\django\template\loaders\base.py", line 28, in get_template
    return Template(
           ^^^^^^^^^
  File "D:\ecommerce\env\Lib\site-packages\django\template\base.py", line 154, in __init__
    self.nodelist = self.compile_nodelist()
                    ^^^^^^^^^^^^^^^^^^^^^^^
  File "D:\ecommerce\env\Lib\site-packages\django\template\base.py", line 196, in compile_nodelist
    nodelist = parser.parse()
               ^^^^^^^^^^^^^^
  File "D:\ecommerce\env\Lib\site-packages\django\template\base.py", line 518, in parse
    raise self.error(token, e)
  File "D:\ecommerce\env\Lib\site-packages\django\template\base.py", line 516, in parse
    compiled_result = compile_func(self, token)
                      ^^^^^^^^^^^^^^^^^^^^^^^^^
  File "D:\ecommerce\env\Lib\site-packages\django\template\loader_tags.py", line 299, in do_extends
    nodelist = parser.parse()
               ^^^^^^^^^^^^^^
  File "D:\ecommerce\env\Lib\site-packages\django\template\base.py", line 518, in parse
    raise self.error(token, e)
  File "D:\ecommerce\env\Lib\site-packages\django\template\base.py", line 516, in parse
    compiled_result = compile_func(self, token)
                      ^^^^^^^^^^^^^^^^^^^^^^^^^
  File "D:\ecommerce\env\Lib\site-packages\django\template\loader_tags.py", line 234, in do_block
    nodelist = parser.parse(("endblock",))
               ^^^^^^^^^^^^^^^^^^^^^^^^^^^
  File "D:\ecommerce\env\Lib\site-packages\django\template\base.py", line 518, in parse
    raise self.error(token, e)
  File "D:\ecommerce\env\Lib\site-packages\django\template\base.py", line 516, in parse
    compiled_result = compile_func(self, token)
                      ^^^^^^^^^^^^^^^^^^^^^^^^^
  File "D:\ecommerce\env\Lib\site-packages\django\template\defaulttags.py", line 862, in do_for
    nodelist_loop = parser.parse(
                    ^^^^^^^^^^^^^
  File "D:\ecommerce\env\Lib\site-packages\django\template\base.py", line 518, in parse
    raise self.error(token, e)
  File "D:\ecommerce\env\Lib\site-packages\django\template\base.py", line 516, in parse
    compiled_result = compile_func(self, token)
                      ^^^^^^^^^^^^^^^^^^^^^^^^^
  File "D:\ecommerce\env\Lib\site-packages\django\template\defaulttags.py", line 1540, in do_with
    nodelist = parser.parse(("endwith",))
               ^^^^^^^^^^^^^^^^^^^^^^^^^^
  File "D:\ecommerce\env\Lib\site-packages\django\template\base.py", line 518, in parse
    raise self.error(token, e)
  File "D:\ecommerce\env\Lib\site-packages\django\template\base.py", line 516, in parse
    compiled_result = compile_func(self, token)
                      ^^^^^^^^^^^^^^^^^^^^^^^^^
  File "D:\ecommerce\env\Lib\site-packages\django\template\defaulttags.py", line 862, in do_for
    nodelist_loop = parser.parse(
                    ^^^^^^^^^^^^^
  File "D:\ecommerce\env\Lib\site-packages\django\template\base.py", line 518, in parse
    raise self.error(token, e)
  File "D:\ecommerce\env\Lib\site-packages\django\template\base.py", line 516, in parse
    compiled_result = compile_func(self, token)
                      ^^^^^^^^^^^^^^^^^^^^^^^^^
  File "D:\ecommerce\env\Lib\site-packages\django\template\defaulttags.py", line 962, in do_if
    nodelist = parser.parse(("elif", "else", "endif"))
               ^^^^^^^^^^^^^^^^^^^^^^^^^^^^^^^^^^^^^^^
  File "D:\ecommerce\env\Lib\site-packages\django\template\base.py", line 512, in parse
    self.invalid_block_tag(token, command, parse_until)
  File "D:\ecommerce\env\Lib\site-packages\django\template\base.py", line 567, in invalid_block_tag
    raise self.error(
django.template.exceptions.TemplateSyntaxError: Invalid block tag on line 671: 'endfor', expected 'elif', 'else' or 'endif'. Did you forget to register or load this tag?
Not Found: /favicon.ico
Not Found: /media/category/home_and_living.jpg
Not Found: /media/category/1_34.jpg
Not Found: /media/category/fashion.jpg
Not Found: /media/category/electronics_Z21KR7M.jpg
Not Found: /media/category/beauty.jpg
Not Found: /media/category/1_34.jpg
Not Found: /media/category/fashion.jpg
Not Found: /media/category/beauty.jpg
Not Found: /media/category/home_and_living.jpg
Not Found: /media/category/electronics_Z21KR7M.jpg
Not Found: /media/category/fashion.jpg
Not Found: /media/category/home_and_living.jpg
Not Found: /media/category/electronics_Z21KR7M.jpg
Not Found: /media/category/beauty.jpg
Not Found: /media/category/1_34.jpg
Not Found: /media/user_1/1_29.jpg
Not Found: /media/category/beauty.jpg
Not Found: /media/category/home_and_living.jpg
Not Found: /media/category/fashion.jpg
Not Found: /media/category/1_34.jpg
Not Found: /media/category/electronics_Z21KR7M.jpg
Not Found: /media/category/home_and_living.jpg
Not Found: /media/category/fashion.jpg
Not Found: /media/category/beauty.jpg
Not Found: /media/category/electronics_Z21KR7M.jpg
Not Found: /media/category/1_34.jpg
D:\ecommerce\ecomm\core\context_processor.py changed, reloading.
Watching for file changes with StatReloader
Not Found: /media/category/1_34.jpg
Not Found: /media/category/fashion.jpg
Not Found: /media/category/electronics_Z21KR7M.jpg
Not Found: /media/category/home_and_living.jpg
Not Found: /media/category/beauty.jpg
Not Found: /media/category/beauty.jpg
Not Found: /media/category/fashion.jpg
Not Found: /media/category/electronics_Z21KR7M.jpg
Not Found: /media/category/home_and_living.jpg
Not Found: /media/category/1_34.jpg
Not Found: /media/category/fashion.jpg
Not Found: /media/category/1_34.jpg
Not Found: /media/category/home_and_living.jpg
Not Found: /media/category/electronics_Z21KR7M.jpg
Not Found: /media/category/beauty.jpg
Not Found: /media/category/home_and_living.jpg
Not Found: /media/category/beauty.jpg
Not Found: /media/category/fashion.jpg
Not Found: /media/category/1_34.jpg
Not Found: /media/category/electronics_Z21KR7M.jpg
Not Found: /media/category/fashion.jpg
Not Found: /media/category/beauty.jpg
Not Found: /media/category/electronics_Z21KR7M.jpg
Not Found: /media/category/home_and_living.jpg
Not Found: /media/category/1_34.jpg
Not Found: /media/category/electronics_Z21KR7M.jpg
Not Found: /media/category/fashion.jpg
Not Found: /media/category/1_34.jpg
Not Found: /media/category/beauty.jpg
Not Found: /media/category/home_and_living.jpg
Not Found: /media/category/fashion.jpg
Not Found: /media/category/home_and_living.jpg
Not Found: /media/category/beauty.jpg
Not Found: /media/category/electronics_Z21KR7M.jpg
Not Found: /media/category/1_34.jpg
